008FL_PAIR changed 0 recovered-cost-revalidation approached
008FL_PAIR changed 1 recovered-cost-revalidation approached
008FL_PAIR changed 2 recovered-cost-revalidation approached
008FL_PAIR changed 3 recovered-cost-revalidation approached
008FL_PAIR changed 4 perception approached
008FL_PAIR changed 5 perception approached
008FL_PAIR changed 6 perception approached
008FL_PAIR changed 7 perception approached
008FL_PAIR changed 8 perception approached
008FL_PAIR changed 9 perception approached
008FL_PAIR unchanged 0 recovered-cost-revalidation contact_lost
008FL_PAIR unchanged 1 recovered-cost-revalidation approached
008FL_PAIR unchanged 2 recovered-cost-revalidation contact_lost
008FL_PAIR unchanged 3 recovered-cost-revalidation approached
008FL_PAIR unchanged 4 recovered-contextual-evidence approached
008FL_PAIR unchanged 5 recovered-contextual-evidence approached
008FL_PAIR unchanged 6 recovered-contextual-evidence approached
008FL_PAIR unchanged 7 recovered-contextual-evidence approached
008FL_PAIR unchanged 8 recovered-contextual-evidence approached
008FL_PAIR unchanged 9 recovered-contextual-evidence approached
008FL_COST_REVALIDATION_PASS traversals=48 actual_facts=28 cold_recoveries=28 refresh_probes=8
